09.16.Fri

# Word

# URL

----

# Play

githubのレポジトリからcloneしてきたプロジェクトをローカルで動かして、localに接続できなかった問題について

![](https://gyazo.com/b39f48b69946af661e5401d9fad8ac88.png)

データベースに接続できていなかったため、MySQLに必要な情報を揃えて再起動するとステータスコード 200 になった

ただ、画面が真っ白

# MySQL

## ユーザの追加
新規ユーザの追加をして、そのユーザでログインしようとして

```
$ mysql -u test -p
```


```
ERROR 1045 (28000): Access denied for user 'test'@'localhost' (using password: YES)
```

が出た

`-h localhost`をつけたり、`-p`ををなくしたりしても(当然ながら)ダメだった

*追記*

新規作成したユーザがデータベースに対する権限を何も持っていない(?)ためログインできなかった様

 [MySQLのユーザー作成でハマったこと解決策メモ。](http://blog.codebook-10000.com/entry/20130806/1375794910)

 > 一回ログアウトして、先ほど作成したユーザでログインしようとすると、

>mysql -u test -ptest
ERROR 1045 (28000): Access denied for user 'test'@'localhost' (using password: Y
ES)

> こんなエラーが。
原因は以下の様なものが考えられる。


## ホストとユーザ名を変更する
```
mysql> SELECT Host, User FROM mysql.user;
+-----------+--------+
| Host      | User   |
+-----------+--------+
| %         | test |
| localhost | root   |
+-----------+--------+
2 rows in set (0.00 sec)
```

```
mysql> rename user 'test' to 'test'@'loclahost';
Query OK, 0 rows affected (0.00 sec)

mysql> SELECT Host, User FROM mysql.user;
+-----------+--------+
| Host      | User   |
+-----------+--------+
| localhost | root   |
| loclahost | test |
+-----------+--------+
2 rows in set (0.00 sec)
```

## ホストとポート番号を指定してログイン
```
$ mysql -h ホスト名 --port ポート番号
```

## 権限の変更
[DBOnline: Home › MySQLの使い方 › ユーザーの作成 > 権限の設定](http://www.dbonline.jp/mysql/user/index6.html)

```
mysql> grant all on test_db. to 'test'@'localhost';
ERROR 1064 (42000): You have an error in your SQL syntax; check the manual that corresponds to your MySQL server version for the right syntax to use near 'to 'test'@'localhost'' at line 1
```
ワイルドカードを設定し忘れている

```
mysql> grant all on test_db.* to 'test'@'localhost';
ERROR 1819 (HY000): Your password does not satisfy the current policy requirements
```
パスワードの設定もしなければならない....?
```
mysql> grant all on test_db.* to 'test'@'localhost'identified by 'test_Local01';
Query OK, 0 rows affected, 1 warning (0.01 sec)
```

できた
